------------------------------------------------------------
TimeQuest Timing Analyzer Summary
------------------------------------------------------------

Type  : Slow 1200mV 85C Model Setup 'RayRiscv:cpu|Id2Ex:id2ex|DiffSet:inst_ff|dataOut[0]'
Slack : -14.278
TNS   : -745.614

Type  : Slow 1200mV 85C Model Setup 'RayRiscv:cpu|If2Id:if2id|DiffSet:diff1|dataOut[0]'
Slack : -11.572
TNS   : -683.841

Type  : Slow 1200mV 85C Model Setup 'clk'
Slack : -9.134
TNS   : -234906.528

Type  : Slow 1200mV 85C Model Hold 'RayRiscv:cpu|Id2Ex:id2ex|DiffSet:inst_ff|dataOut[0]'
Slack : -1.120
TNS   : -23.375

Type  : Slow 1200mV 85C Model Hold 'RayRiscv:cpu|If2Id:if2id|DiffSet:diff1|dataOut[0]'
Slack : -0.392
TNS   : -0.392

Type  : Slow 1200mV 85C Model Hold 'clk'
Slack : 0.455
TNS   : 0.000

Type  : Slow 1200mV 85C Model Minimum Pulse Width 'clk'
Slack : -3.000
TNS   : -49741.663

Type  : Slow 1200mV 85C Model Minimum Pulse Width 'RayRiscv:cpu|If2Id:if2id|DiffSet:diff1|dataOut[0]'
Slack : -0.386
TNS   : -60.578

Type  : Slow 1200mV 85C Model Minimum Pulse Width 'RayRiscv:cpu|Id2Ex:id2ex|DiffSet:inst_ff|dataOut[0]'
Slack : 0.297
TNS   : 0.000

Type  : Slow 1200mV 0C Model Setup 'RayRiscv:cpu|Id2Ex:id2ex|DiffSet:inst_ff|dataOut[0]'
Slack : -13.376
TNS   : -712.436

Type  : Slow 1200mV 0C Model Setup 'RayRiscv:cpu|If2Id:if2id|DiffSet:diff1|dataOut[0]'
Slack : -11.055
TNS   : -660.063

Type  : Slow 1200mV 0C Model Setup 'clk'
Slack : -8.409
TNS   : -221829.949

Type  : Slow 1200mV 0C Model Hold 'RayRiscv:cpu|Id2Ex:id2ex|DiffSet:inst_ff|dataOut[0]'
Slack : -1.005
TNS   : -20.937

Type  : Slow 1200mV 0C Model Hold 'RayRiscv:cpu|If2Id:if2id|DiffSet:diff1|dataOut[0]'
Slack : -0.253
TNS   : -0.253

Type  : Slow 1200mV 0C Model Hold 'clk'
Slack : 0.563
TNS   : 0.000

Type  : Slow 1200mV 0C Model Minimum Pulse Width 'clk'
Slack : -3.000
TNS   : -49741.663

Type  : Slow 1200mV 0C Model Minimum Pulse Width 'RayRiscv:cpu|If2Id:if2id|DiffSet:diff1|dataOut[0]'
Slack : -0.544
TNS   : -66.762

Type  : Slow 1200mV 0C Model Minimum Pulse Width 'RayRiscv:cpu|Id2Ex:id2ex|DiffSet:inst_ff|dataOut[0]'
Slack : -0.029
TNS   : -0.451

Type  : Fast 1200mV 0C Model Setup 'RayRiscv:cpu|Id2Ex:id2ex|DiffSet:inst_ff|dataOut[0]'
Slack : -6.518
TNS   : -313.754

Type  : Fast 1200mV 0C Model Setup 'RayRiscv:cpu|If2Id:if2id|DiffSet:diff1|dataOut[0]'
Slack : -4.725
TNS   : -273.973

Type  : Fast 1200mV 0C Model Setup 'clk'
Slack : -3.566
TNS   : -96752.865

Type  : Fast 1200mV 0C Model Hold 'RayRiscv:cpu|Id2Ex:id2ex|DiffSet:inst_ff|dataOut[0]'
Slack : -0.602
TNS   : -13.562

Type  : Fast 1200mV 0C Model Hold 'RayRiscv:cpu|If2Id:if2id|DiffSet:diff1|dataOut[0]'
Slack : -0.186
TNS   : -0.186

Type  : Fast 1200mV 0C Model Hold 'clk'
Slack : -0.089
TNS   : -0.100

Type  : Fast 1200mV 0C Model Minimum Pulse Width 'clk'
Slack : -3.000
TNS   : -35653.317

Type  : Fast 1200mV 0C Model Minimum Pulse Width 'RayRiscv:cpu|If2Id:if2id|DiffSet:diff1|dataOut[0]'
Slack : -0.040
TNS   : -1.359

Type  : Fast 1200mV 0C Model Minimum Pulse Width 'RayRiscv:cpu|Id2Ex:id2ex|DiffSet:inst_ff|dataOut[0]'
Slack : 0.161
TNS   : 0.000

------------------------------------------------------------
